seed =  5009 , first round: epoch =  0
seed =  5009 , first round: epoch =  1
seed =  5009 , first round: epoch =  2
seed =  5009 , first round: epoch =  3
seed =  5009 , first round: epoch =  4
seed =  5009 , first round: epoch =  5
seed =  5009 , first round: epoch =  6
seed =  5009 , first round: epoch =  7
seed =  5009 , first round: epoch =  8
seed =  5009 , first round: epoch =  9
seed =  5009 , first round: epoch =  10
seed =  5009 , first round: epoch =  11
seed =  5009 , first round: epoch =  12
seed =  5009 , first round: epoch =  13
seed =  5009 , first round: epoch =  14
seed =  5009 , first round: epoch =  15
seed =  5009 , first round: epoch =  16
seed =  5009 , first round: epoch =  17
seed =  5009 , first round: epoch =  18
seed =  5009 , first round: epoch =  19
seed =  5009 , first round: epoch =  20
seed =  5009 , first round: epoch =  21
seed =  5009 , first round: epoch =  22
seed =  5009 , first round: epoch =  23
seed =  5009 , first round: epoch =  24
seed =  5009 , first round: epoch =  25
seed =  5009 , first round: epoch =  26
seed =  5009 , first round: epoch =  27
seed =  5009 , first round: epoch =  28
seed =  5009 , first round: epoch =  29
seed =  5009 , first round: epoch =  30
seed =  5009 , first round: epoch =  31
seed =  5009 , first round: epoch =  32
seed =  5009 , first round: epoch =  33
seed =  5009 , first round: epoch =  34
seed =  5009 , first round: epoch =  35
seed =  5009 , first round: epoch =  36
seed =  5009 , first round: epoch =  37
seed =  5009 , first round: epoch =  38
seed =  5009 , first round: epoch =  39
seed =  5009 , first round: epoch =  40
seed =  5009 , first round: epoch =  41
seed =  5009 , first round: epoch =  42
seed =  5009 , first round: epoch =  43
seed =  5009 , first round: epoch =  44
seed =  5009 , first round: epoch =  45
seed =  5009 , first round: epoch =  46
seed =  5009 , first round: epoch =  47
seed =  5009 , first round: epoch =  48
seed =  5009 , first round: epoch =  49
seed =  5009 , first round: epoch =  50
seed =  5009 , first round: epoch =  51
seed =  5009 , first round: epoch =  52
seed =  5009 , first round: epoch =  53
seed =  5009 , first round: epoch =  54
seed =  5009 , first round: epoch =  55
seed =  5009 , first round: epoch =  56
seed =  5009 , first round: epoch =  57
seed =  5009 , first round: epoch =  58
seed =  5009 , first round: epoch =  59
seed =  5009 , first round: epoch =  60
seed =  5009 , first round: epoch =  61
seed =  5009 , first round: epoch =  62
seed =  5009 , first round: epoch =  63
seed =  5009 , first round: epoch =  64
seed =  5009 , first round: epoch =  65
seed =  5009 , first round: epoch =  66
seed =  5009 , first round: epoch =  67
seed =  5009 , first round: epoch =  68
seed =  5009 , first round: epoch =  69
seed =  5009 , first round: epoch =  70
seed =  5009 , first round: epoch =  71
seed =  5009 , first round: epoch =  72
seed =  5009 , first round: epoch =  73
seed =  5009 , first round: epoch =  74
seed =  5009 , first round: epoch =  75
seed =  5009 , first round: epoch =  76
seed =  5009 , first round: epoch =  77
seed =  5009 , first round: epoch =  78
seed =  5009 , first round: epoch =  79
seed =  5009 , first round: epoch =  80
seed =  5009 , first round: epoch =  81
seed =  5009 , first round: epoch =  82
seed =  5009 , first round: epoch =  83
seed =  5009 , first round: epoch =  84
seed =  5009 , first round: epoch =  85
seed =  5009 , first round: epoch =  86
seed =  5009 , first round: epoch =  87
seed =  5009 , first round: epoch =  88
seed =  5009 , first round: epoch =  89
seed =  5009 , first round: epoch =  90
seed =  5009 , first round: epoch =  91
seed =  5009 , first round: epoch =  92
seed =  5009 , first round: epoch =  93
seed =  5009 , first round: epoch =  94
seed =  5009 , first round: epoch =  95
seed =  5009 , first round: epoch =  96
seed =  5009 , first round: epoch =  97
seed =  5009 , first round: epoch =  98
seed =  5009 , first round: epoch =  99
seed =  5009 , first round: epoch =  100
seed =  5009 , first round: epoch =  101
seed =  5009 , first round: epoch =  102
seed =  5009 , first round: epoch =  103
seed =  5009 , first round: epoch =  104
seed =  5009 , first round: epoch =  105
seed =  5009 , first round: epoch =  106
seed =  5009 , first round: epoch =  107
seed =  5009 , first round: epoch =  108
seed =  5009 , first round: epoch =  109
seed =  5009 , first round: epoch =  110
seed =  5009 , first round: epoch =  111
seed =  5009 , first round: epoch =  112
seed =  5009 , first round: epoch =  113
seed =  5009 , first round: epoch =  114
seed =  5009 , first round: epoch =  115
seed =  5009 , first round: epoch =  116
seed =  5009 , first round: epoch =  117
seed =  5009 , first round: epoch =  118
seed =  5009 , first round: epoch =  119
seed =  5009 , first round: epoch =  120
seed =  5009 , first round: epoch =  121
seed =  5009 , first round: epoch =  122
seed =  5009 , first round: epoch =  123
seed =  5009 , first round: epoch =  124
seed =  5009 , first round: epoch =  125
seed =  5009 , first round: epoch =  126
seed =  5009 , first round: epoch =  127
seed =  5009 , first round: epoch =  128
seed =  5009 , first round: epoch =  129
seed =  5009 , first round: epoch =  130
seed =  5009 , first round: epoch =  131
seed =  5009 , first round: epoch =  132
seed =  5009 , first round: epoch =  133
seed =  5009 , first round: epoch =  134
seed =  5009 , first round: epoch =  135
seed =  5009 , first round: epoch =  136
seed =  5009 , first round: epoch =  137
seed =  5009 , first round: epoch =  138
seed =  5009 , first round: epoch =  139
seed =  5009 , first round: epoch =  140
seed =  5009 , first round: epoch =  141
seed =  5009 , first round: epoch =  142
seed =  5009 , first round: epoch =  143
seed =  5009 , first round: epoch =  144
seed =  5009 , first round: epoch =  145
seed =  5009 , first round: epoch =  146
seed =  5009 , first round: epoch =  147
seed =  5009 , first round: epoch =  148
seed =  5009 , first round: epoch =  149
seed =  5009 , first round: epoch =  150
seed =  5009 , first round: epoch =  151
seed =  5009 , first round: epoch =  152
seed =  5009 , first round: epoch =  153
seed =  5009 , first round: epoch =  154
seed =  5009 , first round: epoch =  155
seed =  5009 , first round: epoch =  156
seed =  5009 , first round: epoch =  157
seed =  5009 , first round: epoch =  158
seed =  5009 , first round: epoch =  159
seed =  5009 , first round: epoch =  160
seed =  5009 , first round: epoch =  161
seed =  5009 , first round: epoch =  162
seed =  5009 , first round: epoch =  163
seed =  5009 , first round: epoch =  164
seed =  5009 , first round: epoch =  165
seed =  5009 , first round: epoch =  166
seed =  5009 , first round: epoch =  167
seed =  5009 , first round: epoch =  168
seed =  5009 , first round: epoch =  169
seed =  5009 , first round: epoch =  170
seed =  5009 , first round: epoch =  171
seed =  5009 , first round: epoch =  172
seed =  5009 , first round: epoch =  173
seed =  5009 , first round: epoch =  174
seed =  5009 , first round: epoch =  175
seed =  5009 , first round: epoch =  176
seed =  5009 , first round: epoch =  177
seed =  5009 , first round: epoch =  178
seed =  5009 , first round: epoch =  179
seed =  5009 , first round: epoch =  180
seed =  5009 , first round: epoch =  181
seed =  5009 , first round: epoch =  182
seed =  5009 , first round: epoch =  183
seed =  5009 , first round: epoch =  184
seed =  5009 , first round: epoch =  185
seed =  5009 , first round: epoch =  186
seed =  5009 , first round: epoch =  187
seed =  5009 , first round: epoch =  188
seed =  5009 , first round: epoch =  189
seed =  5009 , first round: epoch =  190
seed =  5009 , first round: epoch =  191
seed =  5009 , first round: epoch =  192
seed =  5009 , first round: epoch =  193
seed =  5009 , first round: epoch =  194
seed =  5009 , first round: epoch =  195
seed =  5009 , first round: epoch =  196
seed =  5009 , first round: epoch =  197
seed =  5009 , first round: epoch =  198
seed =  5009 , first round: epoch =  199
seed =  5009 , first round: epoch =  200
seed =  5009 , first round: epoch =  201
seed =  5009 , first round: epoch =  202
seed =  5009 , first round: epoch =  203
seed =  5009 , first round: epoch =  204
seed =  5009 , first round: epoch =  205
seed =  5009 , first round: epoch =  206
seed =  5009 , first round: epoch =  207
seed =  5009 , first round: epoch =  208
seed =  5009 , first round: epoch =  209
seed =  5009 , first round: epoch =  210
seed =  5009 , first round: epoch =  211
seed =  5009 , first round: epoch =  212
seed =  5009 , first round: epoch =  213
seed =  5009 , first round: epoch =  214
seed =  5009 , first round: epoch =  215
seed =  5009 , first round: epoch =  216
seed =  5009 , first round: epoch =  217
seed =  5009 , first round: epoch =  218
seed =  5009 , first round: epoch =  219
seed =  5009 , first round: epoch =  220
seed =  5009 , first round: epoch =  221
seed =  5009 , first round: epoch =  222
seed =  5009 , first round: epoch =  223
seed =  5009 , first round: epoch =  224
seed =  5009 , first round: epoch =  225
seed =  5009 , first round: epoch =  226
seed =  5009 , first round: epoch =  227
seed =  5009 , first round: epoch =  228
seed =  5009 , first round: epoch =  229
seed =  5009 , first round: epoch =  230
seed =  5009 , first round: epoch =  231
seed =  5009 , first round: epoch =  232
seed =  5009 , first round: epoch =  233
seed =  5009 , first round: epoch =  234
seed =  5009 , first round: epoch =  235
seed =  5009 , first round: epoch =  236
seed =  5009 , first round: epoch =  237
seed =  5009 , first round: epoch =  238
seed =  5009 , first round: epoch =  239
seed =  5009 , first round: epoch =  240
seed =  5009 , first round: epoch =  241
seed =  5009 , first round: epoch =  242
seed =  5009 , first round: epoch =  243
seed =  5009 , first round: epoch =  244
seed =  5009 , first round: epoch =  245
seed =  5009 , first round: epoch =  246
seed =  5009 , first round: epoch =  247
seed =  5009 , first round: epoch =  248
seed =  5009 , first round: epoch =  249
seed =  5009 , first round: epoch =  250
seed =  5009 , first round: epoch =  251
seed =  5009 , first round: epoch =  252
seed =  5009 , first round: epoch =  253
seed =  5009 , first round: epoch =  254
seed =  5009 , first round: epoch =  255
seed =  5009 , first round: epoch =  256
seed =  5009 , first round: epoch =  257
seed =  5009 , first round: epoch =  258
seed =  5009 , first round: epoch =  259
seed =  5009 , first round: epoch =  260
seed =  5009 , first round: epoch =  261
seed =  5009 , first round: epoch =  262
seed =  5009 , first round: epoch =  263
seed =  5009 , first round: epoch =  264
seed =  5009 , first round: epoch =  265
seed =  5009 , first round: epoch =  266
seed =  5009 , first round: epoch =  267
seed =  5009 , first round: epoch =  268
seed =  5009 , first round: epoch =  269
seed =  5009 , first round: epoch =  270
seed =  5009 , first round: epoch =  271
seed =  5009 , first round: epoch =  272
seed =  5009 , first round: epoch =  273
seed =  5009 , first round: epoch =  274
seed =  5009 , first round: epoch =  275
seed =  5009 , first round: epoch =  276
seed =  5009 , first round: epoch =  277
seed =  5009 , first round: epoch =  278
seed =  5009 , first round: epoch =  279
seed =  5009 , first round: epoch =  280
seed =  5009 , first round: epoch =  281
seed =  5009 , first round: epoch =  282
seed =  5009 , first round: epoch =  283
seed =  5009 , first round: epoch =  284
seed =  5009 , first round: epoch =  285
seed =  5009 , first round: epoch =  286
seed =  5009 , first round: epoch =  287
seed =  5009 , first round: epoch =  288
seed =  5009 , first round: epoch =  289
seed =  5009 , first round: epoch =  290
seed =  5009 , first round: epoch =  291
seed =  5009 , first round: epoch =  292
seed =  5009 , first round: epoch =  293
seed =  5009 , first round: epoch =  294
seed =  5009 , first round: epoch =  295
seed =  5009 , first round: epoch =  296
seed =  5009 , first round: epoch =  297
seed =  5009 , first round: epoch =  298
seed =  5009 , first round: epoch =  299
seed =  5009 , first round: epoch =  300
seed =  5009 , first round: epoch =  301
seed =  5009 , first round: epoch =  302
seed =  5009 , first round: epoch =  303
seed =  5009 , first round: epoch =  304
seed =  5009 , first round: epoch =  305
seed =  5009 , first round: epoch =  306
seed =  5009 , first round: epoch =  307
seed =  5009 , first round: epoch =  308
seed =  5009 , first round: epoch =  309
seed =  5009 , first round: epoch =  310
seed =  5009 , first round: epoch =  311
seed =  5009 , first round: epoch =  312
seed =  5009 , first round: epoch =  313
seed =  5009 , first round: epoch =  314
seed =  5009 , first round: epoch =  315
seed =  5009 , first round: epoch =  316
seed =  5009 , first round: epoch =  317
seed =  5009 , first round: epoch =  318
seed =  5009 , first round: epoch =  319
seed =  5009 , first round: epoch =  320
seed =  5009 , first round: epoch =  321
seed =  5009 , first round: epoch =  322
seed =  5009 , first round: epoch =  323
seed =  5009 , first round: epoch =  324
seed =  5009 , first round: epoch =  325
seed =  5009 , first round: epoch =  326
seed =  5009 , first round: epoch =  327
seed =  5009 , first round: epoch =  328
seed =  5009 , first round: epoch =  329
seed =  5009 , first round: epoch =  330
seed =  5009 , first round: epoch =  331
seed =  5009 , first round: epoch =  332
seed =  5009 , first round: epoch =  333
seed =  5009 , first round: epoch =  334
seed =  5009 , first round: epoch =  335
seed =  5009 , first round: epoch =  336
seed =  5009 , first round: epoch =  337
seed =  5009 , first round: epoch =  338
seed =  5009 , first round: epoch =  339
seed =  5009 , first round: epoch =  340
seed =  5009 , first round: epoch =  341
seed =  5009 , first round: epoch =  342
seed =  5009 , first round: epoch =  343
seed =  5009 , first round: epoch =  344
seed =  5009 , first round: epoch =  345
seed =  5009 , first round: epoch =  346
seed =  5009 , first round: epoch =  347
seed =  5009 , first round: epoch =  348
seed =  5009 , first round: epoch =  349
seed =  5009 , first round: epoch =  350
seed =  5009 , first round: epoch =  351
seed =  5009 , first round: epoch =  352
seed =  5009 , first round: epoch =  353
seed =  5009 , first round: epoch =  354
seed =  5009 , first round: epoch =  355
seed =  5009 , first round: epoch =  356
seed =  5009 , first round: epoch =  357
seed =  5009 , first round: epoch =  358
seed =  5009 , first round: epoch =  359
seed =  5009 , first round: epoch =  360
seed =  5009 , first round: epoch =  361
seed =  5009 , first round: epoch =  362
seed =  5009 , first round: epoch =  363
seed =  5009 , first round: epoch =  364
seed =  5009 , first round: epoch =  365
seed =  5009 , first round: epoch =  366
seed =  5009 , first round: epoch =  367
seed =  5009 , first round: epoch =  368
seed =  5009 , first round: epoch =  369
seed =  5009 , first round: epoch =  370
seed =  5009 , first round: epoch =  371
seed =  5009 , first round: epoch =  372
seed =  5009 , first round: epoch =  373
seed =  5009 , first round: epoch =  374
seed =  5009 , first round: epoch =  375
seed =  5009 , first round: epoch =  376
seed =  5009 , first round: epoch =  377
seed =  5009 , first round: epoch =  378
seed =  5009 , first round: epoch =  379
seed =  5009 , first round: epoch =  380
seed =  5009 , first round: epoch =  381
seed =  5009 , first round: epoch =  382
seed =  5009 , first round: epoch =  383
seed =  5009 , first round: epoch =  384
seed =  5009 , first round: epoch =  385
seed =  5009 , first round: epoch =  386
seed =  5009 , first round: epoch =  387
seed =  5009 , first round: epoch =  388
seed =  5009 , first round: epoch =  389
seed =  5009 , first round: epoch =  390
seed =  5009 , first round: epoch =  391
seed =  5009 , first round: epoch =  392
seed =  5009 , first round: epoch =  393
seed =  5009 , first round: epoch =  394
seed =  5009 , first round: epoch =  395
seed =  5009 , first round: epoch =  396
seed =  5009 , first round: epoch =  397
seed =  5009 , first round: epoch =  398
seed =  5009 , first round: epoch =  399
seed =  5009 , first round: epoch =  400
seed =  5009 , first round: epoch =  401
seed =  5009 , first round: epoch =  402
seed =  5009 , first round: epoch =  403
seed =  5009 , first round: epoch =  404
seed =  5009 , first round: epoch =  405
seed =  5009 , first round: epoch =  406
seed =  5009 , first round: epoch =  407
seed =  5009 , first round: epoch =  408
seed =  5009 , first round: epoch =  409
seed =  5009 , first round: epoch =  410
seed =  5009 , first round: epoch =  411
seed =  5009 , first round: epoch =  412
seed =  5009 , first round: epoch =  413
seed =  5009 , first round: epoch =  414
seed =  5009 , first round: epoch =  415
seed =  5009 , first round: epoch =  416
seed =  5009 , first round: epoch =  417
seed =  5009 , first round: epoch =  418
seed =  5009 , first round: epoch =  419
seed =  5009 , first round: epoch =  420
seed =  5009 , first round: epoch =  421
seed =  5009 , first round: epoch =  422
seed =  5009 , first round: epoch =  423
seed =  5009 , first round: epoch =  424
seed =  5009 , first round: epoch =  425
seed =  5009 , first round: epoch =  426
seed =  5009 , first round: epoch =  427
seed =  5009 , first round: epoch =  428
seed =  5009 , first round: epoch =  429
seed =  5009 , first round: epoch =  430
seed =  5009 , first round: epoch =  431
seed =  5009 , first round: epoch =  432
seed =  5009 , first round: epoch =  433
seed =  5009 , first round: epoch =  434
seed =  5009 , first round: epoch =  435
seed =  5009 , first round: epoch =  436
seed =  5009 , first round: epoch =  437
seed =  5009 , first round: epoch =  438
seed =  5009 , first round: epoch =  439
seed =  5009 , first round: epoch =  440
seed =  5009 , first round: epoch =  441
seed =  5009 , first round: epoch =  442
seed =  5009 , first round: epoch =  443
seed =  5009 , first round: epoch =  444
seed =  5009 , first round: epoch =  445
seed =  5009 , first round: epoch =  446
seed =  5009 , first round: epoch =  447
seed =  5009 , first round: epoch =  448
seed =  5009 , first round: epoch =  449
seed =  5009 , first round: epoch =  450
seed =  5009 , first round: epoch =  451
seed =  5009 , first round: epoch =  452
seed =  5009 , first round: epoch =  453
seed =  5009 , first round: epoch =  454
seed =  5009 , first round: epoch =  455
seed =  5009 , first round: epoch =  456
seed =  5009 , first round: epoch =  457
seed =  5009 , first round: epoch =  458
seed =  5009 , first round: epoch =  459
seed =  5009 , first round: epoch =  460
seed =  5009 , first round: epoch =  461
seed =  5009 , first round: epoch =  462
seed =  5009 , first round: epoch =  463
seed =  5009 , first round: epoch =  464
seed =  5009 , first round: epoch =  465
seed =  5009 , first round: epoch =  466
seed =  5009 , first round: epoch =  467
seed =  5009 , first round: epoch =  468
seed =  5009 , first round: epoch =  469
seed =  5009 , first round: epoch =  470
seed =  5009 , first round: epoch =  471
seed =  5009 , first round: epoch =  472
seed =  5009 , first round: epoch =  473
seed =  5009 , first round: epoch =  474
seed =  5009 , first round: epoch =  475
seed =  5009 , first round: epoch =  476
seed =  5009 , first round: epoch =  477
seed =  5009 , first round: epoch =  478
seed =  5009 , first round: epoch =  479
seed =  5009 , first round: epoch =  480
seed =  5009 , first round: epoch =  481
seed =  5009 , first round: epoch =  482
seed =  5009 , first round: epoch =  483
seed =  5009 , first round: epoch =  484
seed =  5009 , first round: epoch =  485
seed =  5009 , first round: epoch =  486
seed =  5009 , first round: epoch =  487
seed =  5009 , first round: epoch =  488
seed =  5009 , first round: epoch =  489
seed =  5009 , first round: epoch =  490
seed =  5009 , first round: epoch =  491
seed =  5009 , first round: epoch =  492
seed =  5009 , first round: epoch =  493
seed =  5009 , first round: epoch =  494
seed =  5009 , first round: epoch =  495
seed =  5009 , first round: epoch =  496
seed =  5009 , first round: epoch =  497
seed =  5009 , first round: epoch =  498
seed =  5009 , first round: epoch =  499
seed =  5009 , first round: epoch =  500
seed =  5009 , first round: epoch =  501
seed =  5009 , first round: epoch =  502
seed =  5009 , first round: epoch =  503
seed =  5009 , first round: epoch =  504
seed =  5009 , first round: epoch =  505
seed =  5009 , first round: epoch =  506
seed =  5009 , first round: epoch =  507
seed =  5009 , first round: epoch =  508
seed =  5009 , first round: epoch =  509
seed =  5009 , first round: epoch =  510
seed =  5009 , first round: epoch =  511
seed =  5009 , first round: epoch =  512
seed =  5009 , first round: epoch =  513
seed =  5009 , first round: epoch =  514
seed =  5009 , first round: epoch =  515
seed =  5009 , first round: epoch =  516
seed =  5009 , first round: epoch =  517
seed =  5009 , first round: epoch =  518
seed =  5009 , first round: epoch =  519
seed =  5009 , first round: epoch =  520
seed =  5009 , first round: epoch =  521
seed =  5009 , first round: epoch =  522
seed =  5009 , first round: epoch =  523
seed =  5009 , first round: epoch =  524
seed =  5009 , first round: epoch =  525
seed =  5009 , first round: epoch =  526
seed =  5009 , first round: epoch =  527
seed =  5009 , first round: epoch =  528
seed =  5009 , first round: epoch =  529
seed =  5009 , first round: epoch =  530
seed =  5009 , first round: epoch =  531
seed =  5009 , first round: epoch =  532
seed =  5009 , first round: epoch =  533
seed =  5009 , first round: epoch =  534
seed =  5009 , first round: epoch =  535
seed =  5009 , first round: epoch =  536
seed =  5009 , first round: epoch =  537
seed =  5009 , first round: epoch =  538
seed =  5009 , first round: epoch =  539
seed =  5009 , first round: epoch =  540
seed =  5009 , first round: epoch =  541
seed =  5009 , first round: epoch =  542
seed =  5009 , first round: epoch =  543
seed =  5009 , first round: epoch =  544
seed =  5009 , first round: epoch =  545
seed =  5009 , first round: epoch =  546
seed =  5009 , first round: epoch =  547
seed =  5009 , first round: epoch =  548
seed =  5009 , first round: epoch =  549
seed =  5009 , first round: epoch =  550
seed =  5009 , first round: epoch =  551
seed =  5009 , first round: epoch =  552
seed =  5009 , first round: epoch =  553
seed =  5009 , first round: epoch =  554
seed =  5009 , first round: epoch =  555
seed =  5009 , first round: epoch =  556
seed =  5009 , first round: epoch =  557
seed =  5009 , first round: epoch =  558
seed =  5009 , first round: epoch =  559
seed =  5009 , first round: epoch =  560
seed =  5009 , first round: epoch =  561
seed =  5009 , first round: epoch =  562
seed =  5009 , first round: epoch =  563
seed =  5009 , first round: epoch =  564
seed =  5009 , first round: epoch =  565
seed =  5009 , first round: epoch =  566
seed =  5009 , first round: epoch =  567
seed =  5009 , first round: epoch =  568
seed =  5009 , first round: epoch =  569
seed =  5009 , first round: epoch =  570
seed =  5009 , first round: epoch =  571
seed =  5009 , first round: epoch =  572
seed =  5009 , first round: epoch =  573
seed =  5009 , first round: epoch =  574
seed =  5009 , first round: epoch =  575
seed =  5009 , first round: epoch =  576
seed =  5009 , first round: epoch =  577
seed =  5009 , first round: epoch =  578
seed =  5009 , first round: epoch =  579
seed =  5009 , first round: epoch =  580
seed =  5009 , first round: epoch =  581
seed =  5009 , first round: epoch =  582
seed =  5009 , first round: epoch =  583
seed =  5009 , first round: epoch =  584
seed =  5009 , first round: epoch =  585
seed =  5009 , first round: epoch =  586
seed =  5009 , first round: epoch =  587
seed =  5009 , first round: epoch =  588
seed =  5009 , first round: epoch =  589
seed =  5009 , first round: epoch =  590
seed =  5009 , first round: epoch =  591
seed =  5009 , first round: epoch =  592
seed =  5009 , first round: epoch =  593
seed =  5009 , first round: epoch =  594
seed =  5009 , first round: epoch =  595
seed =  5009 , first round: epoch =  596
seed =  5009 , first round: epoch =  597
seed =  5009 , first round: epoch =  598
seed =  5009 , first round: epoch =  599
seed =  5009 , first round: epoch =  600
seed =  5009 , first round: epoch =  601
seed =  5009 , first round: epoch =  602
seed =  5009 , first round: epoch =  603
seed =  5009 , first round: epoch =  604
seed =  5009 , first round: epoch =  605
seed =  5009 , first round: epoch =  606
seed =  5009 , first round: epoch =  607
seed =  5009 , first round: epoch =  608
seed =  5009 , first round: epoch =  609
seed =  5009 , first round: epoch =  610
seed =  5009 , first round: epoch =  611
seed =  5009 , first round: epoch =  612
seed =  5009 , first round: epoch =  613
seed =  5009 , first round: epoch =  614
seed =  5009 , first round: epoch =  615
seed =  5009 , first round: epoch =  616
seed =  5009 , first round: epoch =  617
seed =  5009 , first round: epoch =  618
seed =  5009 , first round: epoch =  619
seed =  5009 , first round: epoch =  620
seed =  5009 , first round: epoch =  621
seed =  5009 , first round: epoch =  622
seed =  5009 , first round: epoch =  623
seed =  5009 , first round: epoch =  624
seed =  5009 , first round: epoch =  625
seed =  5009 , first round: epoch =  626
seed =  5009 , first round: epoch =  627
seed =  5009 , first round: epoch =  628
seed =  5009 , first round: epoch =  629
seed =  5009 , first round: epoch =  630
seed =  5009 , first round: epoch =  631
seed =  5009 , first round: epoch =  632
seed =  5009 , first round: epoch =  633
seed =  5009 , first round: epoch =  634
seed =  5009 , first round: epoch =  635
seed =  5009 , first round: epoch =  636
seed =  5009 , first round: epoch =  637
seed =  5009 , first round: epoch =  638
seed =  5009 , first round: epoch =  639
seed =  5009 , first round: epoch =  640
seed =  5009 , first round: epoch =  641
seed =  5009 , first round: epoch =  642
seed =  5009 , first round: epoch =  643
seed =  5009 , first round: epoch =  644
seed =  5009 , first round: epoch =  645
seed =  5009 , first round: epoch =  646
seed =  5009 , first round: epoch =  647
seed =  5009 , first round: epoch =  648
seed =  5009 , first round: epoch =  649
seed =  5009 , first round: epoch =  650
seed =  5009 , first round: epoch =  651
seed =  5009 , first round: epoch =  652
seed =  5009 , first round: epoch =  653
seed =  5009 , first round: epoch =  654
seed =  5009 , first round: epoch =  655
seed =  5009 , first round: epoch =  656
seed =  5009 , first round: epoch =  657
seed =  5009 , first round: epoch =  658
seed =  5009 , first round: epoch =  659
seed =  5009 , first round: epoch =  660
seed =  5009 , first round: epoch =  661
seed =  5009 , first round: epoch =  662
seed =  5009 , first round: epoch =  663
seed =  5009 , first round: epoch =  664
seed =  5009 , first round: epoch =  665
seed =  5009 , first round: epoch =  666
seed =  5009 , first round: epoch =  667
seed =  5009 , first round: epoch =  668
seed =  5009 , first round: epoch =  669
seed =  5009 , first round: epoch =  670
seed =  5009 , first round: epoch =  671
seed =  5009 , first round: epoch =  672
seed =  5009 , first round: epoch =  673
seed =  5009 , first round: epoch =  674
seed =  5009 , first round: epoch =  675
seed =  5009 , first round: epoch =  676
seed =  5009 , first round: epoch =  677
seed =  5009 , first round: epoch =  678
seed =  5009 , first round: epoch =  679
seed =  5009 , first round: epoch =  680
seed =  5009 , first round: epoch =  681
seed =  5009 , first round: epoch =  682
seed =  5009 , first round: epoch =  683
seed =  5009 , first round: epoch =  684
seed =  5009 , first round: epoch =  685
seed =  5009 , first round: epoch =  686
seed =  5009 , first round: epoch =  687
seed =  5009 , first round: epoch =  688
seed =  5009 , first round: epoch =  689
seed =  5009 , first round: epoch =  690
seed =  5009 , first round: epoch =  691
seed =  5009 , first round: epoch =  692
seed =  5009 , first round: epoch =  693
seed =  5009 , first round: epoch =  694
seed =  5009 , first round: epoch =  695
seed =  5009 , first round: epoch =  696
seed =  5009 , first round: epoch =  697
seed =  5009 , first round: epoch =  698
seed =  5009 , first round: epoch =  699
seed =  5009 , first round: epoch =  700
seed =  5009 , first round: epoch =  701
seed =  5009 , first round: epoch =  702
seed =  5009 , first round: epoch =  703
seed =  5009 , first round: epoch =  704
seed =  5009 , first round: epoch =  705
seed =  5009 , first round: epoch =  706
seed =  5009 , first round: epoch =  707
seed =  5009 , first round: epoch =  708
seed =  5009 , first round: epoch =  709
seed =  5009 , first round: epoch =  710
seed =  5009 , first round: epoch =  711
seed =  5009 , first round: epoch =  712
seed =  5009 , first round: epoch =  713
seed =  5009 , first round: epoch =  714
seed =  5009 , first round: epoch =  715
seed =  5009 , first round: epoch =  716
seed =  5009 , first round: epoch =  717
seed =  5009 , first round: epoch =  718
seed =  5009 , first round: epoch =  719
seed =  5009 , first round: epoch =  720
seed =  5009 , first round: epoch =  721
seed =  5009 , first round: epoch =  722
seed =  5009 , first round: epoch =  723
seed =  5009 , first round: epoch =  724
seed =  5009 , first round: epoch =  725
seed =  5009 , first round: epoch =  726
seed =  5009 , first round: epoch =  727
seed =  5009 , first round: epoch =  728
seed =  5009 , first round: epoch =  729
seed =  5009 , first round: epoch =  730
seed =  5009 , first round: epoch =  731
seed =  5009 , first round: epoch =  732
seed =  5009 , first round: epoch =  733
seed =  5009 , first round: epoch =  734
seed =  5009 , first round: epoch =  735
seed =  5009 , first round: epoch =  736
seed =  5009 , first round: epoch =  737
seed =  5009 , first round: epoch =  738
seed =  5009 , first round: epoch =  739
seed =  5009 , first round: epoch =  740
seed =  5009 , first round: epoch =  741
seed =  5009 , first round: epoch =  742
seed =  5009 , first round: epoch =  743
seed =  5009 , first round: epoch =  744
seed =  5009 , first round: epoch =  745
seed =  5009 , first round: epoch =  746
seed =  5009 , first round: epoch =  747
seed =  5009 , first round: epoch =  748
seed =  5009 , first round: epoch =  749
seed =  5009 , first round: epoch =  750
seed =  5009 , first round: epoch =  751
seed =  5009 , first round: epoch =  752
seed =  5009 , first round: epoch =  753
seed =  5009 , first round: epoch =  754
seed =  5009 , first round: epoch =  755
seed =  5009 , first round: epoch =  756
seed =  5009 , first round: epoch =  757
seed =  5009 , first round: epoch =  758
seed =  5009 , first round: epoch =  759
seed =  5009 , first round: epoch =  760
seed =  5009 , first round: epoch =  761
seed =  5009 , first round: epoch =  762
seed =  5009 , first round: epoch =  763
seed =  5009 , first round: epoch =  764
seed =  5009 , first round: epoch =  765
seed =  5009 , first round: epoch =  766
seed =  5009 , first round: epoch =  767
seed =  5009 , first round: epoch =  768
seed =  5009 , first round: epoch =  769
seed =  5009 , first round: epoch =  770
seed =  5009 , first round: epoch =  771
seed =  5009 , first round: epoch =  772
seed =  5009 , first round: epoch =  773
seed =  5009 , first round: epoch =  774
seed =  5009 , first round: epoch =  775
seed =  5009 , first round: epoch =  776
seed =  5009 , first round: epoch =  777
seed =  5009 , first round: epoch =  778
seed =  5009 , first round: epoch =  779
seed =  5009 , first round: epoch =  780
seed =  5009 , first round: epoch =  781
seed =  5009 , first round: epoch =  782
seed =  5009 , first round: epoch =  783
seed =  5009 , first round: epoch =  784
seed =  5009 , first round: epoch =  785
seed =  5009 , first round: epoch =  786
seed =  5009 , first round: epoch =  787
seed =  5009 , first round: epoch =  788
seed =  5009 , first round: epoch =  789
seed =  5009 , first round: epoch =  790
seed =  5009 , first round: epoch =  791
seed =  5009 , first round: epoch =  792
seed =  5009 , first round: epoch =  793
seed =  5009 , first round: epoch =  794
seed =  5009 , first round: epoch =  795
seed =  5009 , first round: epoch =  796
seed =  5009 , first round: epoch =  797
seed =  5009 , first round: epoch =  798
seed =  5009 , first round: epoch =  799
seed =  5009 , i =  0
Traceback (most recent call last):
  File "/home/user/g1_upstream/AOC-IDS/online_training.py", line 134, in <module>
    predict_label = evaluate(normal_temp, normal_recon_temp, x_train_this_epoch, y_train_detection, x_test_this_epoch, 0, model)
                    ^^^^^^^^^^^^^^^^^^^^^^^^^^^^^^^^^^^^^^^^^^^^^^^^^^^^^^^^^^^^^^^^^^^^^^^^^^^^^^^^^^^^^^^^^^^^^^^^^^^^^^^^^^^^
  File "/home/user/g1_upstream/AOC-IDS/utils.py", line 204, in evaluate
    gaussian1 = dist.Normal(mu1_fit, sigma1_fit)
                ^^^^^^^^^^^^^^^^^^^^^^^^^^^^^^^^
  File "/usr/local/lib/python3.11/dist-packages/torch/distributions/normal.py", line 61, in __init__
    self.loc, self.scale = broadcast_all(loc, scale)
                           ^^^^^^^^^^^^^^^^^^^^^^^^^
  File "/usr/local/lib/python3.11/dist-packages/torch/distributions/utils.py", line 45, in broadcast_all
    raise ValueError(
ValueError: Input arguments must all be instances of Number, torch.Tensor or objects implementing __torch_function__.
